// Jest Snapshot v1, https://goo.gl/fbAQLP

exports[`the instance properties are clean 1`] = `
Object {
  "actions": Array [
    "toggleMenu",
    "openMenu",
    "closeMenu",
    "clearSelection",
    "selectItem",
    "selectItemAtIndex",
    "selectHighlightedItem",
    "setHighlightedIndex",
  ],
  "propGetters": Array [
    "getRootProps",
    "getButtonProps",
    "getLabelProps",
    "getInputProps",
    "getItemProps",
  ],
  "root": Array [
    "props",
    "context",
    "refs",
    "updater",
    "state",
    "id",
    "input",
    "items",
    "previousResultCount",
    "root_handleClick",
    "actions",
    "propGetters",
    "getItemNodeFromIndex",
    "moveHighlightedIndex",
    "changeHighlightedIndex",
    "rootRef",
    "keyDownHandlers",
    "buttonKeyDownHandlers",
    "button_handleKeyDown",
    "button_handleClick",
    "input_handleKeyDown",
    "input_handleChange",
    "input_handleBlur",
    "reset",
    "updateStatus",
    "_reactInternalInstance",
    "_rootNode",
    "_isMounted",
    "cleanup",
  ],
  "state": Array [
    "highlightedIndex",
    "isOpen",
    "inputValue",
    "selectedItem",
  ],
}
`;
